// Jest Snapshot v1, https://goo.gl/fbAQLP

exports[`sitemap - generate mode sitemap.xml 1`] = `"<?xml version=\\"1.0\\" encoding=\\"UTF-8\\"?><urlset xmlns=\\"http://www.sitemaps.org/schemas/sitemap/0.9\\" xmlns:news=\\"http://www.google.com/schemas/sitemap-news/0.9\\" xmlns:xhtml=\\"http://www.w3.org/1999/xhtml\\" xmlns:mobile=\\"http://www.google.com/schemas/sitemap-mobile/1.0\\" xmlns:image=\\"http://www.google.com/schemas/sitemap-image/1.1\\" xmlns:video=\\"http://www.google.com/schemas/sitemap-video/1.1\\"><url><loc>https://example.com/child</loc></url><url><loc>https://example.com/exclude</loc></url><url><loc>https://example.com/filtered</loc></url><url><loc>https://example.com/parent/child/subchild</loc></url><url><loc>https://example.com/parent/child</loc></url><url><loc>https://example.com/parent</loc></url><url><loc>https://example.com/sub</loc></url><url><loc>https://example.com/sub/sub</loc></url><url><loc>https://example.com/</loc></url></urlset>"`;

exports[`sitemap - minimal configuration sitemap.xml 1`] = `"<?xml version=\\"1.0\\" encoding=\\"UTF-8\\"?><urlset xmlns=\\"http://www.sitemaps.org/schemas/sitemap/0.9\\" xmlns:news=\\"http://www.google.com/schemas/sitemap-news/0.9\\" xmlns:xhtml=\\"http://www.w3.org/1999/xhtml\\" xmlns:mobile=\\"http://www.google.com/schemas/sitemap-mobile/1.0\\" xmlns:image=\\"http://www.google.com/schemas/sitemap-image/1.1\\" xmlns:video=\\"http://www.google.com/schemas/sitemap-video/1.1\\"><url><loc>https://example.com/child</loc></url><url><loc>https://example.com/exclude</loc></url><url><loc>https://example.com/filtered</loc></url><url><loc>https://example.com/parent/child/subchild</loc></url><url><loc>https://example.com/parent/child</loc></url><url><loc>https://example.com/parent</loc></url><url><loc>https://example.com/sub</loc></url><url><loc>https://example.com/sub/sub</loc></url><url><loc>https://example.com/</loc></url></urlset>"`;
